
Memory Configuration

Name             Origin             Length             Attributes
*default*        0x00000000         0xffffffff

Linker script and memory map

LOAD startup.o
LOAD uart.o
LOAD learn-in-depth.elf
OUTPUT(a.out elf32-littlearm)
LOAD linker stubs

.glue_7         0x00000000        0x0
 .glue_7        0x00000000        0x0 linker stubs

.glue_7t        0x00000000        0x0
 .glue_7t       0x00000000        0x0 linker stubs

.vfp11_veneer   0x00000000        0x0
 .vfp11_veneer  0x00000000        0x0 linker stubs

.v4_bx          0x00000000        0x0
 .v4_bx         0x00000000        0x0 linker stubs

.text           0x00000000       0x68
 .text          0x00000000       0x10 startup.o
                0x00000000                reset
 .text          0x00000010       0x58 uart.o
                0x00000010                Uart_Send_String

.iplt           0x00000068        0x0
 .iplt          0x00000068        0x0 startup.o

.rel.dyn        0x00000068        0x0
 .rel.iplt      0x00000068        0x0 startup.o

.data           0x00000068        0x0
 .data          0x00000068        0x0 startup.o
 .data          0x00000068        0x0 uart.o

.igot.plt       0x00000068        0x0
 .igot.plt      0x00000068        0x0 startup.o

.bss            0x00000068        0x0
 .bss           0x00000068        0x0 startup.o
 .bss           0x00000068        0x0 uart.o

.ARM.attributes
                0x00000000       0x2e
 .ARM.attributes
                0x00000000       0x22 startup.o
 .ARM.attributes
                0x00000022       0x2c uart.o

.comment        0x00000000       0x4d
 .comment       0x00000000       0x4d uart.o
                                 0x4e (size before relaxing)

.debug_info     0x00000000       0x59
 .debug_info    0x00000000       0x59 uart.o

.debug_abbrev   0x00000000       0x55
 .debug_abbrev  0x00000000       0x55 uart.o

.debug_aranges  0x00000000       0x20
 .debug_aranges
                0x00000000       0x20 uart.o

.debug_line     0x00000000       0x50
 .debug_line    0x00000000       0x50 uart.o

.debug_str      0x00000000       0xd2
 .debug_str     0x00000000       0xd2 uart.o

.debug_frame    0x00000000       0x30
 .debug_frame   0x00000000       0x30 uart.o
